
====== VGC-ITSM Azure E2E Tests ======
Target: https://vgc-itsm1-app.azurewebsites.net

--- Health Check ---
--- DB Stats ---
--- Incidents API ---
--- Incident Status Distribution ---
  Statuses: {"New":32,"Closed":1542,"On Hold":247,"Pending":91,"Resolved":187,"undefined":1}
--- Individual Incident Detail ---
--- Users API ---
--- Assets API ---
--- KB Articles API ---
--- Frontend ---
--- Audit API ---
--- Security Tests ---
--- Engineer Distribution (INC0018-INC0027) ---
--- Assignee Distribution ---
  Assignees: {"Security Team":373,"L1 Support":130,"L2 Support":534,"Access/Identity":1,"Network Engineering":19,"Unassigned":908,"Cloud":79,"Hlaing Pyae Phyo":22,"Cloud Engineering":1}
--- Priority Distribution ---
  Priorities: {"Sev-C":1448,"Sev-D":647,"Sev-C (Medium, 9hr)":1,"Sev-B":3}
--- Category Distribution ---
  Categories: {"General":385,"Service Request / Asset & Licence Management":1,"Request for Information / Application & License Support":1,"Request for Information (RFI) / Software Subscription Administration":1,"Request Fulfilment / Print Services - Change/Configuration (Printer Port/Driver) + Troubleshooting":1,"Incident Management > Printing":18,"Service Request (Software Licensing/License Information)":1,"Incident Management > Software/Client Application (Print/Preview issue) / Printer related troubleshooting":1,"Application Management / Printing & Print Services (change/control of print/port settings)":1,"Service Request / Licensing & Subscription Administration":1,"Application Management / User Support (Printing/Endpoint troubleshooting affecting application output)":1,"Request Fulfillment / Software Licensing (Change/Provisioning)":1,"Incident Management ΓåÆ Printing/Print Services":1,"ITIL: Service Request / Incident - Printing (Printing/Print Services) with related Access/Network dependency":1,"Incident Management > Printing/Output Issue":1,"Request Fulfilment / Change & Access / Printing (Incident) - Printer/Scan Connectivity and Configuration":1,"Software Licensing / Asset Management":1,"Access/License Administration":1,"Request for Information / Software Licensing Support":1,"Software Licensing / Access to License Information":1,"Request Fulfilment / Application Access & Administration (Security Software Licensing)":1,"Software Licensing / Application Support":1,"Request Fulfilment / Software Licensing":3,"Service Request - Software Licensing/License Administration":1,"Service Request / Application & Software Licensing Support":1,"Application Management / Print & Print Spooling (Incident/Request) - Software":1,"Service Request - Software/Licensing Information Request":2,"Service Request - Software Licensing/Entitlement Confirmation":1,"Request Fulfilment / Printing - Printer Configuration & Troubleshooting":1,"Application Management / Printing (ITIL: Service Request / Incident - Print/Output)":1,"Access to Applications / Licensing Administration":1,"Application/Software Licensing - Request/Information":1,"Change/Service Request Fulfilment - Software Licensing / Asset Records":1,"Service Request / Documentation (License administration & evidence)":1,"Software Asset Management / Licensing (Request for Licence Activation Details)":1,"Service Request / Printing - Printer configuration & connectivity":1,"Request Fulfilment / Software Licence Administration":1,"Service Request / License Management - Security Software":1,"Request for Information / Application Licensing":1,"ITIL: Service Request / Application & Software Licensing (Security Software)":1,"Service Request - Software Licensing/Documentation":1,"Software Requests / License Administration":1,"Request Fulfilment / Printing - Printer Configuration (ITIL v3/v4: Incident & Service Request - Printing/Output)":1,"Service Desk > Print Services / Printer Management":1,"Request Fulfilment (Software Licensing / Subscription Support)":1,"Service Request - Software/License Documentation":1,"Application Management / Software Licensing Request (Request for Evidence - activation date)":1,"ITIL Request Fulfilment / Software Licensing":1,"Incident / Request Fulfillment (Software Licensing / Security Software)":1,"Service Request / Software Licensing (Fulfillment/Documentation)":1,"Service Request / Software Licensing":4,"Service Request - Software/Licensing Administration":1,"Service Request / Software Licensing - Vendor Licence Details":1,"Service Request - Software Licensing / Subscription Documentation":1,"Request for Information / License Administration (ITIL: Service Request)":1,"Request for Information / Software Licence Support (Application/License Administration)":1,"Change/Service Administration (Software Licensing - Vendor Licence Activation/Provisioning Information)":1,"Service Request - Software/Licensing Information":1,"Request Fulfilment / Printing & Output (ITIL Service Operation - Request/Incident: Printing)":1,"Incident Management > Application/Printing issues":1,"Service Request / Change? (Printer/Printing Support) - Incident (Printing/Peripheral malfunction)":1,"Request Fulfillment / Printing & Output (Print Management - Port/Driver Configuration)":1,"Service Request / Software Licensing (Fulfillment & Records)":1,"Print Services (ITIL) / Print/Output Troubleshooting":1,"Incident Management > Printing/Print Services":3,"Request Fulfilment / Print Services (ITIL: Service Request - Printing)":1,"Service Request - Software/Licensing Documentation":1,"Request Fulfilment / Change Enablement (Printing & Device Configuration) / Incident - Print Queue/Port issue":1,"ITIL: Service Operation / Request Fulfillment (Printing/Output) - Printer Configuration & Troubleshooting":1,"Service Request / Software Licensing (Security Software)":1,"Access & Identity Management / Security Subscription Administration (Change/Request ΓÇô Licence Information)":1,"Print Management / Printing (ITIL Incident Management)":1,"ITIL: Service Request / Incident - Printing (Printer/Print Services)":1,"ITIL: Service Management > Request Fulfillment / Incident Management > Printing Services > Printer Connectivity/Configuration":1,"Request Fulfilment / Printer & Print Management (ITIL: Incident - Printing/Output)":1,"Incident Management > Printer/Print Services":1,"ITIL: Service Request / Incident Management - Printing (Print/Port Configuration)":1,"Incident Management / Printing & Output Services":1,"ITIL Incident Management / Printing":1,"Request Fulfilment / Printing Services (Imaging & Printing) - Change/Support":1,"IT Operations Management - Print Services (Printer/Port Configuration)":1,"Service Request / Incident ΓÇô Printing ΓÇô Printer/Print Queue & Port Configuration":1,"Incident Management > Printing > Printer/Print Services":3,"Incident/Service Request - Printing & Scanning":1,"ITIL: Service Request / Incident - Printing - Printer/Print Services Configuration":1,"Request Fulfilment / Print Services (Change/Incident) - Printing - Print/Scan connectivity and port configuration; includes potential Network/FW impact":1,"Service Desk - Print Services / Printer Configuration (ITIL Incident Management)":1,"Application / Printing":1,"ITIL: Incident Management > Printing Services":1,"Service Desk > Print Services":1,"ITIL Incident Management (Printer/Print Services)":1,"Incident Management - Printing/Print Services":2,"ITIL Incident Management > Printing":3,"User Support > Software/Printing > Print/Accounting Output Issue":1,"Request Fulfillment / Print Services - Problem Management (Printer configuration & print preview issue)":1,"ITIL Incident Management > Printing & Output":1,"Service Request - Print Management / Printer Configuration":1,"ITIL Incident Management - Printing / Output (Service Desk)":1,"Request Fulfilment / Incident - Printing (Printer Configuration & Output Issue)":1,"Service Desk > Request Fulfilment > Printing / Print Services":1,"ITIL Incident Management > Printing/Printing Devices":1,"Incident Management - Printing/Printing Services":1,"Service Request / Incident - Printing & Output (Printer/Port configuration) with possible Network/Firewall dependency":1,"Application Management (Accounting/Print Preview) / Printing":1,"Application/Print Services Management (ITIL: Service Request/Request Fulfilment for Print/Output issue)":1,"ITIL Incident Management - Printing (Print/Scan/Port Issue)":1,"Request Fulfilment / Print & Scan - Printer Port Configuration (ITIL: Service Request / Incident - Printing)":1,"Application Management > Application Configuration / Printing & Print Server Troubleshooting":1,"Incident Management - Printing/Output Problem":1,"Incident Management ΓåÆ Printing/Output (Printer/Scan Connectivity & Configuration)":1,"Request for Printer/Print Service Support":1,"Incident Management > Software - Application/Compatibility (with potential Print/Infrastructure dependency)":1,"ITIL: Service Request / Incident (Printing & Print Services - Printer configuration/port issue)":1,"Incident Management > Printing > Print/Port Issues":1,"ITIL Incident Management > Printing > Print/Scan Issues":1,"ITIL Incident Management - Printing/Output Issues (Printer Port/Print Functionality)":1,"Information Security Management (ITIL: Security Incident / Security Event)":1,"Information Security Management (Incident/Alert) / Vulnerability Management":1,"ITIL: Service Operation - Request Fulfilment / Print Services (Printer/Printing configuration) + Access/Connectivity check if firewall involved":1,"ITIL Incident Management - Security Incident / Vulnerability Alert (Major)":2,"Access Management - Privileged Access / Remote Access":1,"Service Desk - Printing & Output Management":1,"Request Fulfilment / Access Management":1,"Access Management":3,"Access Management / Remote Access (VPN) Request":1,"ITIL Incident Management -> Printing Services/Access to Printing (Printer Port/Print Rendering)":1,"Incident Management > Printing > Print/Scan Configuration":1,"Service Request / Incident - Printing (IT Infrastructure)":1,"Incident Management / Printing":1,"Request Fulfillment / Service Request - Printing & Scanning (Printer/Port configuration & access-related troubleshooting)":1,"ITIL Incident Management > Service Desk > Printing & Scanning":1,"ITIL Incident Management - Printing/Printing Services (End-user Printing)":1,"Access Management / Privileged Access + VPN Connectivity (Service Request)":1,"Access Management / VPN Connectivity Request":2,"Incident Management > Printing (Print/Scan) / Access to Printing Services":1,"Incident Management > Printing > Printer/Print Port Issue":1,"ITIL: Service Request / Incident - Printing & Print Services (Printer Port/Connectivity)":1,"Service Desk > Printing > Print/Printer Configuration":1,"ITIL Incident Management > Printing > Print/Scan Device Issue":1,"Incident Management > Hardware/Software - Printing & Printing Subsystem":1,"Service Request / Printing - Printer/Port Issue (User Service/Incident handling)":1,"Incident Management - Printing/Output Issue":1,"Service Request - Printing / Output / Printer configuration (incident-style follow-up)":1,"Incident Management > Printing (Printer/Scanner) / Print Services":1,"Access Management / VPN Access Request":5,"User Access Management / VPN Connectivity Request":1,"Incident Management > Printing / Print Services":1,"Service Desk / Incident Management":1,"Incident Management - Printing/Output Issues":1,"Incident Management > Printing > Print/Scan Connectivity":1,"ITIL: Service Desk - Print Services / Printing":1,"Service Request / Incident - Printing (Printer Configuration/Printing Issues)":1,"Access Management / Remote Access (VPN + Privileged Access)":1,"Service Request / Incident - Printing":1,"Incident Management > Printing & Scanning":1,"User Support / Printing":1,"Request Fulfilment / Incident - Printing & Print Services":1,"User Access Management / VPN Access Request (Access/Identity)":1,"Request Fulfilment / Print Services - Troubleshooting":1,"Incident Management > Printing/Printing Services":1,"ITIL: Service Request / Incident Management - Printing (Printer/Print Services)":1,"Incident Management > Printing/Print & Scan (Physical Output)":1,"ITIL: Service Request / Incident - Printing (Printers/Print Services) / Network access dependency":1,"Incident Management -> Printing/Output (Printer/Scanner access & configuration)":1,"Access Management (Request for Privileged Access / VPN Access)":1,"ITIL Incident Management > Printing > Printer/Print/Scan issues":1,"Incident Management > Printing (Printer/Scanner) / Access to Device":1,"Access Management / Remote Access (VPN) - Request for Service":1,"ITIL Incident Management - Printing/Print Services":1,"Incident Management - Security Alert (Security / Vulnerability) ":1,"Incident Management - Security Alert / Vulnerability - Potential Attack Path":1,"Access Management / VPN Provisioning (Identity & Access) ":1,"ITIL Incident Management - Security Alert / Vulnerability Management":4,"Access Management / Remote Access Request":3,"Service Request (Software/Licensing)":1,"Access Management (User Access / Privilege Change) & Remote/VPN Access Request":1,"Information Security / Vulnerability Management (Security Incident - Potential)":1,"Incident Management -> Security Incident/Alert (Proactive Security Monitoring)":1,"Access Management (User Privileges) / VPN Access Request":1,"Incident Management > Printing/Output":1,"Request Fulfillment / Printing - Print/Scan Issues (including network printer port configuration)":1,"Service Request / Access & Configuration - Printing/Peripheral":1,"ITIL Incident Management -> Printing & Scanning / Printer Configuration":1,"Service Request - Printer/Print Management (ITIL: Access/Device Management/Print Services)":1,"ITIL Incident Management > Service Desk > Printing":1,"ITIL Incident Management -> Service Desk / Printing & Scan Troubleshooting":1,"Service Request / Printer & Printing - Printer Port & Configuration":1,"Application/Printing - Request to troubleshoot incorrect print/preview and printer port configuration":1,"Application & Print Services (ITIL: Service Request/Incident ΓÇô Printing/Output Management)":1,"Access Management (Request for Admin Privileges & VPN Access) / Service Request":1,"Application Management / Print & Document Services (Printing-related application issue)":1,"Software Management / Application Issue":1,"Service Request > Printing > Printer/Port Configuration":1,"Access Management / VPN Provisioning":1,"Incident Management - Application/Printing Issue (Software + Print Services)":1,"User Access Management / VPN Access (Request Fulfillment)":1,"Request Fulfilment / Print Services (Incident - Printing/Printer Configuration)":1,"Access Management / Remote Access":1,"ITIL Incident Management > Printing > Printer/Print Spooling/Port Issues":1,"Incident Management > Printing > Print/Scan Device Issue":1,"Service Request / Incident - Printing/Print Services":1,"Incident Management > Printing (Print/Scan/Device Port & Driver Issues)":1,"Request Fulfilment / Service Request - Printing & Output":1,"ITIL Incident Management > Printing Services":1,"ITIL: Service Support > Incident Management > Printing/Output Management":1,"Incident Management - Security Alert (Potential Vulnerability/Attack Path)":1,"Incident Management > Security Incident / Vulnerability Alert (Azure Defender for Cloud)":1,"Security Management (Vulnerability/Threat Alert)":3,"Service Request Management / Software Licensing":1,"ITIL Incident Management / Information Security Incident Prevention (Security Alert / Vulnerability Management)":1,"Service Request Management - Software Licensing/Subscription":1,"Information Security Incident/Alert (Potential Compromise Risk)":1,"Incident Management - Security Alert (Detect/Protect)":1,"ITIL: Information Security Management / Security Event & Incident Management":1,"Security Management / Vulnerability Management":1,"Service Request - Software Licensing / Subscription Management":3,"Incident Management - Security Alert/Threat (Defender for Cloud) / Vulnerability Exposure":1,"Software Asset Management / License Management (Request Fulfilment - ITIL)":1,"Incident Management / Security Alert (ITIL: Security Incident Response)":1,"ITIL Incident Management - Security Incident / Vulnerability Management Alert":3,"ITIL Incident Management / Security Incident (Security Alert - Vulnerability & Attack Path)":1,"ITIL Incident Management / Security Incident (Vulnerability & Attack Path Alert)":2,"ITIL Incident Management / Security Alert":1,"Software Asset Management / License Management":1,"ITIL Incident Management - Security Incident/Alert (Security Monitoring)":3,"ITIL Incident Management > Security Incident/Alert (Service Security Monitoring)":1,"ITIL Incident Management > Security Incident/Threat (Monitoring/Alert)":1,"Request Fulfillment / Software Licensing":1,"Security Management (Security Alert/Incident - Vulnerability/Attack Path)":1,"ITIL Incident Management - Security Alert/Threat Detection":1,"ITIL Security Management > Incident/Alert Management":1,"Incident Management / Security Alert (Vulnerability & Attack Path Detection)":1,"Incident Management - Security Alert / Vulnerability Assessment (Security Monitoring)":1,"Incident Management > Security Alert / Vulnerability Assessment":2,"ITIL Incident Management / Security Incident (Proactive Security Alert - Vulnerability/Exposure)":1,"Incident Management > Security Incident / Vulnerability Alert":6,"Request Fulfilment (Software Licensing / SaaS Subscription)":1,"Service Request - Software Licensing/Procurement":5,"Request Fulfilment (Software Licensing / Subscription Management)":1,"Incident Management - Security Alert / Vulnerability Management":7,"ITIL Incident Management / Security Incident (Vulnerability Detection & Remediation - High Risk Alert)":1,"Incident Management - Security Alert / Vulnerability Response":1,"Security Management / Vulnerability Management (ITIL: Incident/Problem under Security)":1,"Incident Management - Security (Defender for Cloud alert / Potential vulnerability exploitation path)":1,"Incident Management > Security Alert / Vulnerability Management":1,"Incident Management - Security Alert / Vulnerability Assessment (ITIL Incident/Security Event)":1,"Incident Management - Security Alert / Vulnerability Assessment":12,"ITIL Incident Management - Security Incident/Alert (Application/Infrastructure security monitoring)":1,"Information Security Incident / Vulnerability Management (Security Alert)":1,"Security Management":2,"Incident Management - Security Alert (IT Security/Monitoring)":1,"ITIL Incident Management - Security Incident/Alert (Monitoring/Alert)":1,"ITIL Incident Management / Security Incident (Potential) - Threat/Vulnerability Detection":1,"ITIL Incident Management - Security Alert / Vulnerability Exposure":1,"Service Request - Application/Software Licensing":1,"Incident Management - Security Alert / Vulnerability Management (Defender for Cloud)":3,"ITIL Incident Management - Security Incident/Alert (Service Security / Vulnerability Response)":1,"Service Request Management (Software Licensing/Subscription Renewal)":1,"Incident Management (Security Alert) / Vulnerability Management - Security Assessment":1,"Service Request - Software Licensing/Entitlement Management":1,"Service Request - Software Licensing/Provisioning":1,"Information Security Incident / Vulnerability Management":4,"Incident Management - Security (Potential Vulnerability / Attack Path Alert)":1,"Incident Management - Security Alert / Vulnerability Assessment (Major Security Event)":1,"Incident Management (Security Incident / Vulnerability Alert) - Security Monitoring & Response":1,"Incident Management > Security Incident/Alert (Major)":1,"Incident Management - Security Alert / Vulnerability Risk":1,"Request Fulfilment (Software Licensing)":1,"Information Security Incident/Alert (Proactive Security Monitoring)":1,"Information Security - Vulnerability / Threat Detected":1,"ITIL Incident Management (Security Incident/Alert) / Security Monitoring":1,"ITIL Incident Management / Security Incident (Vulnerability/Threat Detection)":1,"Service Request - Software Licensing/Subscription Management":3,"Service Request - Software Licensing":4,"Request Fulfilment (Software/Licensing)":2,"ITIL Incident Management - Security Alert / Vulnerability Management (Security Event)":1,"ITIL Incident Management - Security Incident/Alert (Potential Compromise) / Service Security Management":1,"Incident Management > Security Incident (Vulnerability/Threat Alert)":2,"ITIL Security Management":1,"ITIL Incident Management > Security Incident / Alert Triage":1,"ITIL Incident Management -> Security Incident / Vulnerability Management (Security Alert)":1,"Incident Management > Security Incident (Potential Compromise/Vulnerability Exposure)":1,"Incident Management - Security Alert (ITIL)":1,"ITIL Incident Management > Security Incident (Potential Security Threat/Alert)":1,"Service Request / Software Licensing (ITIL)":1,"Request Fulfilment / Software Licensing (Change/Provisioning)":1,"ITIL Security Incident Management":1,"ITIL: Information Security Incident (Vulnerability/Attack Path Alert)":1,"Security Incident / Vulnerability Management (ITIL: Incident Management; Security Event -> Remediation)":1,"ITIL: Information Security Incident Management / Security Event Management":1,"Request Fulfilment (Service Request) / Software Licensing":1,"Information Security Incident Management (Potential Security Incident/Alert Remediation) / Vulnerability Management":1,"Incident Management - Security Incident / Threat Alert (Defender for Cloud findings)":1,"ITIL Incident Management -> Security Incident / Security Alert (Service Security Monitoring)":1,"Service Request":1,"ITIL Incident Management - Security Incident (Threat/Vulnerability Alert)":1,"Service Request / Application & License Management":1,"ITIL Incident Management - Security Incident / Vulnerability Alert":3,"Software Licensing / Procurement Support (Request Fulfillment)":1,"Service Request - Software Licensing & Procurement":1,"Incident Management - Security Alert / Vulnerability (ITIL: Incident) / Security Event":1,"ITIL Incident Management - Security Event / Vulnerability Alert":1,"Incident Management (Security Alert / Vulnerability & Threat Detection) - ITIL":1,"Incident Management > Security Incident (Detection/Alert) / Security Vulnerability Alert":1,"Incident Management (Security) / Security Alert (Defender for Cloud) - Investigate & Remediate":1,"Incident Management > Security > Vulnerability/Attack Path Alert":1,"ITIL Incident Management - Security Incident / Vulnerability Alert (Monitoring Detection)":1,"Incident Management / Security Alert (ITIL: Security Incident Response - Detect/Investigate)":1,"Incident Management - Software / End-User Application Issue":1,"Software Licensing / Service Request Fulfillment (ITIL Request Management)":1,"Security Incident Management":1,"Request Fulfillment (Software Licensing)":1,"Incident Management - Security Alert (Security Monitoring/Assessment)":1,"Request Fulfillment (Standard) / Software Licensing & Entitlements":1,"ITIL Incident Management > Security Incident/Alert (Vulnerability/Threat Detection)":1,"Incident Management - Security Alert / Vulnerability Remediation":1,"Service Request Management / Application Access & Licensing (Request for software license changes)":1,"Service Request - Request Fulfilment (Software/Licensing & Subscription Management)":1,"ITIL Incident Management (Security Alert / Major Incident) / Event Management":1,"ITIL Incident Management > Security Incident Response (Security Event/Alert)":1,"Application Management / Software Licensing (Service Request)":1,"Incident Management > Security Incident/Alert (Vulnerability & Attack Path) / Threat Detection":1,"Incident (Security Event/Alert) - Potential Compromise / Vulnerability Remediation":1,"Incident Management - Security Alert / Vulnerability Exposure (Defender for Cloud Attack Path)":1,"Incident Management - Security Alert (Vulnerability/Attack Path Detection)":2,"Software Asset Management / Licensing":1,"ITIL Incident Management - Security Incident / Vulnerability Alert (Event/Incident)":1,"Incident Management - Security Alert / Vulnerability / Threat Detection":1,"ITIL Incident Management - Security Incident/Alert (Security monitoring & vulnerability remediation)":1,"Incident Management - Security Alert (Proactive/Detect)":1,"Security Incident / Vulnerability Management Alert (ITIL: Incident Management - Security)":1,"Incident Management / Security Alert (ITIL: Incident - Security/Threat Detected)":1,"Incident Management > Security Incident (Vulnerability/Threat Detection)":1,"Incident Management - Security Alert / Vulnerability Risk (ITIL)":1,"ITIL Incident Management > Security Incident / Vulnerability Alert":3,"ITIL Incident Management / Security Incident (Preventive Alert / Vulnerability Exposure)":1,"ITIL Incident Management - Security Alert / Vulnerability Risk":1,"User Support / Desktop Application Issue":1,"ITIL Incident Management / Security Incident (Preventive Alert - Vulnerability/Attack Path)":1,"Service Request (Software Licensing/Procurement)":1,"Incident Management - Security Alert (ITIL Security/Incident)":1,"Incident Management - Security Alert / Vulnerability & Threat Response":1,"Information Security Management (Security Event/Alert) / Incident - Security":1,"ITIL Incident Management - Security Incident/Alert (Preventive/Detective Security Alert)":1,"Incident Management / Security Alert (Defender for Cloud Attack Path)":1,"ITIL Incident Management - Security Incident / Vulnerability & Attack Path Alert":1,"Service Request - Software/Licensing":1,"ITIL Incident/Problem Management - Security Alert / Vulnerability Assessment":1,"Information Security Incident/Alert (Proactive detection)":1,"ITIL Incident Management > Security Incident/Alert (Application/Infrastructure Security)":1,"Security Incident / Vulnerability Management Alert":1,"Incident Management > Security Incident/Threat Detection (Monitoring Alert)":1,"Information Security Management (Security Incident / Vulnerability Assessment Alert)":1,"Security Management (Vulnerability/Attack Path Alert)":2,"Incident Management / Security Incident (Threat Detection & Vulnerability Alert)":1,"Incident Management > Security Incident / Vulnerability Alert (Service Security/Hardening)":1,"Incident Management / Security Alert (Proactive Security Monitoring - High Risk)":1,"Incident Management - Security Incident / Vulnerability Alert (Defender for Cloud)":1,"Security Management / Vulnerability Management (Defender for Cloud Alert)":1,"Security Management (Vulnerability/Threat Management)":1,"Information Security / Vulnerability Management":2,"Security Incident / Vulnerability Management":2,"Incident Management / Security Incident (Vulnerability & Attack Path Alert)":1,"ITIL Incident Management / Security Incident (Threat Detection & Remediation - Vulnerability/Attack Path)":1,"Software Asset Management / Licensing Request":1,"ITIL Security Incident/Alert Management":1,"ITIL Security Management / Vulnerability Management":1,"ITIL Incident Management / Security Alert (Service Security Management)":1,"Incident Management / Security Alert (ITIL Security Incident - Detection)":1,"Security Management (Vulnerability / Threat Detection & Response)":1,"Incident Management - Security Incident (Alert from Security Monitoring / Vulnerability Exposure)":1,"Incident - Security Alert / Vulnerability Management":1,"Security Management (Vulnerability Management / Threat Detection)":1,"ITIL: Information Security / Vulnerability Management (Security Incident/Alert)":1,"ITIL Security Management / Vulnerability Management (Security Incident/Triage)":1,"ITIL Incident Management / Security Incident (Detect & Respond)":1,"Security Management / Vulnerability & Threat Response (ITIL Incident/Request - Security)":1,"Service Request / Software Licensing - Microsoft 365 Subscription Management":1,"ITIL Incident Management - Security Incident/Alert (Threat/Vulnerability Detected)":1,"Incident Management - Security Alert / Vulnerability Assessment (ITIL: Security Incident / Event)":1,"Incident Management - Security Incident / Vulnerability & Attack Path Alert":1,"ITIL Incident Management > Security Incident / Security Alert (Proactive Security Monitoring)":1,"Incident Management -> Security Incident / Vulnerability Alert":1,"Incident Management - Security Alert / Vulnerability Assessment (ITIL Incident/Security)":1,"ITIL Incident Management - Security Alert / Vulnerability Assessment":2,"ITIL Incident Management > Security Incident / Vulnerability Management":1,"Incident Management / Security Alert (ITIL)":1,"ITIL Incident Management - Security Incident/Alert (Defender for Cloud Alert)":1,"Incident Management - Security Alert / Vulnerability Exposure":1,"Incident Management - Security Alert / Vulnerability Exposure (ITIL)":1,"Security Management (Vulnerability / Threat Detection - Incident/Escalation)":1,"ITIL Incident Management > Security Incident (Application/Infrastructure Security Alert)":1,"ITIL Incident Management - Security Incident/Alert (Defender for Cloud Vulnerability/Attack Path)":1,"Incident Management - Security Alert/Threat Detection (Defender for Cloud)":1,"Information Security Incident/Alert (Vulnerability/Attack Path) ΓÇö ITIL":1,"ITIL Incident Management > Security Incident / Threat Detection":1,"Information Security Incident / Vulnerability Management (Proactive Security Alert)":1,"Information Security - Vulnerability Management / Security Incident Notification":1,"Information Security Management - Vulnerability/Threat Alert (Service Security/Defender for Cloud)":1,"ITIL: Information Security Management / Vulnerability Management (Security Incident/Alert)":1,"Incident Management / Security Alert (Vulnerability & Attack Path)":1,"ITIL Incident Management - Security Incident/Threat Monitoring (Detection/Alert)":1,"Security Management > Security Alert / Vulnerability Management":1,"ITIL Incident Management / Security Incident (Alert - Vulnerability/Attack Path)":1,"ITIL Incident Management (Security Alert / Vulnerability & Compliance Incident)":1,"ITIL Security Management (Threat/Vulnerability Management)":1,"Incident Management > Security Incident / Vulnerability Alert (Potential Threat)":1,"Service Request (Software Licensing/Provisioning)":1,"Incident Management - Security Alert / Vulnerability Exposure (Microsoft Defender for Cloud)":1,"Incident Management - Security Incident / Vulnerability Alert":1,"ITIL Incident Management / Security Incident (Security Alert & Vulnerability Remediation)":1,"Information Security / Vulnerability Management (Security Incident/Alert)":1,"Incident Management - Security (Vulnerability/Exposure Alert)":1,"Incident Management > Security > Vulnerability Management / Threat Detection":1,"Security Management (Vulnerability/Attack Path Alert) / Incident Management":1,"ITIL Incident Management / Security Incident (Vulnerability/Attack Path Alert)":1,"Security Incident Management / Vulnerability Management":1,"ITIL Security Management - Security Incident/Alert Management":1,"ITIL: Security Management / Vulnerability Management":1,"Incident Management > Security Incident/Threat Detection (Vulnerability/Attack Path Alert)":1,"Incident Management - Security Alert / Vulnerability Exposure (ITIL: Security Event/Incident)":1,"Incident Management - Security Alert (Defender for Cloud/Attack Path)":1,"ITIL Incident Management (Security Incident/Alert) / Security Management":1,"IT Security / Vulnerability Management":1,"Incident Management > Security Incident / Vulnerability Management Alert":1,"ITIL Incident Management / Security Incident (Vulnerability / Attack Path Alert)":1,"Information Security Incident/Alert (Security Monitoring & Vulnerability Management)":1,"ITIL Incident Management - Security Incident/Alert (Vulnerability/Attack Path)":1,"ITIL Incident Management - Security Incident/Alert (Vulnerability/Attack Path Notification)":1,"Incident Management - Security Alert (Incident/Security Monitoring)":1,"Security Incident Management / Vulnerability Management (Security Alert)":1,"Security Management - Vulnerability Management / Security Incident Alert":1,"ITIL Incident Management -> Security Incident/Alert (Information Security)":1,"Information Security Incident/Management (Vulnerability/Exposure Alert)":1,"Security Management > Security Alert/Incident (Defender for Cloud)":1,"ITIL Incident Management / Security Incident (Alert & Remediation)":1,"ITIL Incident Management - Security Alert / Vulnerability Response":1,"Incident Management / Security Incident (Proactive Security Alert - Vulnerability/Exposure)":1,"Incident Management - Security Alert / Vulnerability - Potential Compromise Path":1,"Incident Management - Security Incident/Alert (ITIL Security Event Management)":1,"Incident Management - Security Alert / Vulnerability Alert (Defender for Cloud)":1,"Incident Management > Security Incident (Vulnerability/Attack Path Alert)":1,"ITIL Incident Management - Security Incident/Alert (Application/Security Monitoring)":1,"ITIL Incident Management > Standard User Support > Workplace Productivity (Microsoft Teams/Clipboard)":1,"Incident Management - Security Alert/Threat Detection":1,"ITIL: Incident Management > Security Alert / Vulnerability Alert":1,"Information Security Management":2,"ITIL: Service Request / Printer & Print Services":1,"User Application Support (Microsoft Teams / Windows clipboard)":1,"User-reported Incident (Standard Software Issue / End-User Application)":1,"Service Request / Request Fulfillment (Software Licensing)":1,"Security Management / Vulnerability Management (Defender for Cloud finding)":1,"Incident - Security / Vulnerability Management (Defender for Cloud Alert)":1,"ITIL Incident Management -> Security Incident / Vulnerability Assessment Alert":1,"ITIL Incident Management - Security Alert / Vulnerability - High":1,"Information Security Incident / Security Alert":1,"ITIL Incident Management (Security) / Security Monitoring & Response":1,"Request Fulfilment / Access & Configuration (Printing - Printer Port/Driver/Client Configuration)":1,"ITIL Incident Management / Security Incident - Vulnerability & Attack Path Alert":1,"Application Support":8,"Service Desk / Standard Application Support (Microsoft Teams / Windows Clipboard)":1,"Service Request / End-User Computing (Copy/Paste & Clipboard Issue)":1,"ITIL Incident Management - Security Incident / Vulnerability Alert (Security)":1,"Incident - Security Alert / Vulnerability Assessment":1,"ITIL Incident Management / Security Incident (Potential) - Application/Infrastructure Vulnerability Alert":1,"User Support - Software/Workstation Issue (Microsoft Teams & Clipboard)":1,"ITIL Incident Management - Security Alert / Vulnerability Remediation":1,"End User Computing > Application Support":1,"IT Security Management / Vulnerability & Threat Management (Defender for Cloud Alert)":1,"Incident Management - User Application / Collaboration (Microsoft Teams)":1,"Incident Management - Software Issue (Desktop Applications/Functionality)":1,"Service Request / User Application Support (Microsoft Teams / Windows Clipboard)":1,"Service Request / End-User Application Support (Microsoft Teams / Windows clipboard)":1,"ITIL: Application Management / Identity & Access (Certificates) - Request/Change Enablement":1,"Service Request - Software/Cloud Access (Certificate Management/MDM APNs Renewal)":1,"Change Enablement / Application Access (APNs Certificate Renewal)":1,"Service Request / Application Management (APNs certificate renewal)":1,"Service Request / Application Access & Configuration (APNs/MDM certificate management)":1,"Service Management > Customer/Partner Request":1,"Change/Service Management > Application/Platform Maintenance (APNs Certificate Renewal)":1,"ITIL Change Enablement / Service Management - Application/Mobile Push Certificate Management":1,"Application Management / Mobile Device Management (APNs) - Change/Certificate Management":1,"ITIL Incident/Service Request - Access to Business Applications (MDM/APNs certificate renewal) / Service Request - Application Connectivity":1,"Service Request / MDM - Certificate Management":1,"Change Enablement / Application Support (APNs certificate renewal for MDM push notifications)":1,"ITIL Service Operation - Application Management / Request Fulfilment (APNs/MDM Certificate Management)":1,"Service Request - Access/Certificate Management (Identity/Trust) / Infrastructure Change - APNs Certificate Renewal":1,"Change Enablement / Service Continuity (Certificate Management - APNs)":1,"Service Management > Service Request > Application/Platform Change (Certificate Renewal)":1,"Service Request / Application / Cloud Service Management (APNs Certificate Renewal)":1,"Service Request - Access/Identity/Certificates (MDM/APNs Certificate Management)":1,"Service Request / Request Fulfilment - Mobile Device Management - APNs Certificate Renewal":1,"Change Enablement / MDM - APNs Certificate Renewal":1,"Request for Change / Application Connectivity (APNs certificate renewal)":1,"Service Request / Application Access & Identity (Mobile Device Management - APNs Certificate Management)":1,"Service Request / Access & Identity - Certificate/Authentication Management (APNs)":1,"Change Enablement / Application & Service Management (Mobile Device Management - APNs certificate management)":1,"Service Request / Application / Cloud Service (APNs certificate management)":1,"Request Fulfilment / Change Enablement (APNs certificate management)":1,"Change Enablement / Service Management (Application Connectivity - APNs Certificate Renewal)":1,"Service Request (Change/Non-incident) - Certificate Management / APNs Certificate Renewal":1,"Change Management / Certificate Management (External Service - APNs) (ITIL: Service Validation & Change)":1,"Application Management / Mobile Device Management (APNs Certificate Renewal)":1,"Change Enablement / Application Integration (APNs Certificate Renewal)":1,"Application Management / Mobile Device Management (APNs) - Service Support":1,"Change Enablement / Service Management - Certificate Management (MDM/APNs)":1,"ITIL: Availability/Service Continuity - Certificate Management (APNs/MDM)":1,"Service Request / Identity & Access / Certificate Management":1,"Change Enablement / Application & Certificate Management (ITIL: Access to Services / Change Request prep)":1,"Service Request / Change Enablement (Certificate Management for APNs)":1,"Service Request - Maintenance/Administration (APNs/MDM Certificate Management)":1,"Service Management - Change/Configuration Management (APNs Certificate Renewal / MDM Certificate Update)":1,"Change Request/Certificate Management (Security/Access) - Apple APNs Certificate Renewal":1,"Change Enablement / Request for Change (External Certificate Renewal)":1,"Change Enablement / Service Request - Application/Integration Certificate Management":1,"Change Enablement / Service Continuity (Mobile Device Management - APNs Certificate Management)":1,"Service Operation: Application/External Service Management (APNs certificate renewal)":1,"Change Enablement / Application or Service Management (APNs certificate renewal)":1,"Request Fulfilment / Change Management (Certificate Management - APNs/MDM)":1,"Request Fulfilment / Access to Cloud Service (APNs certificate management) - Change-related":1,"ITIL v4: Change Enablement / Service Management (External Certificate Management)":1,"Service Request / Change Management - APNs Certificate Renewal":1,"Change Enablement / Application Support (Mobile Device Management - APNs Certificate Renewal)":1,"ITIL Service Management - Change Enablement / Application Integration (External Certificate Management)":1,"Service Request / Change - Security/Identity (APNs certificate renewal)":1,"Change Enablement / Service Request - Mobile Device Management (APNs certificate renewal)":1,"Change Enablement / Service Request (Proactive) - APNs Certificate Renewal":1,"Change Management / Cloud Service Management (APNs certificate renewal - proactive)":1,"Software":33,"Access to External Services / Certificate Management":1,"Change Enablement / Service Request (Application/Integration Certificate Management)":1,"Change Enablement / Certificate Management (Security - APNs) ":1,"Service Operation - Application/Service Continuity (APNs/MDM Certificate Management) / Planned Change":1,"Service Request - App/Platform Certificate Management (APNs/MDM)":1,"Service Level Management / Change Enablement - Mobile/Push Certificate Management (Customer Notification & Planned Maintenance)":1,"Service Request / Application & Cloud Configuration (APNs certificate renewal)":1,"Change/Service Request - MDM/APNs Certificate Renewal":1,"Service Request / Access & Device Management (MDM) - Certificate Management":1,"Service Request / Application & Identity Certificate Management (APNs)":1,"Change Enablement / Service Request (Mobile Device Management - APNs certificate renewal)":1,"Change Enablement (Certificate/Identity Management) / Service Request":1,"Service Request / Change (MDM/Platform Maintenance: Certificate Renewal)":1,"ITIL - Change Enablement / Application / Platform Management (Certificates & Keys) / Request Fulfillment":1,"Change Enablement / Service Management - Certificate Management (APNs) / MDM Operational Support":1,"Change Management / Application Access (APNs Certificate Management)":1,"Access/Authentication (Customer Identity/App Push Certificate Management)":1,"ITIL Incident Management / Service Request - Application Access & Certificate Management (APNs/MDM)":1,"Request Fulfilment / Change Enablement (Certificate Renewal)":1,"ITIL Incident Management (Service Continuity / Operational Support) - Certificate Expiry/Renewal":1,"ITIL Incident Management / Service Request - Application Access & Identity (Certificates/Authentication)":1,"Cloud Services":6,"Service Management - Request Fulfilment (Application/Platform Certificate Management) / Change Enablement":1,"Change Enablement / Application Configuration (APNs certificate renewal)":1,"ITIL 4: Change Enablement / Service Management - Application Access & Management (APNs Certificate Renewal)":1,"Service Request / Management of Mobile Device & APNs Certificate":1,"Change / Service Request - APNs/Certificate Management (Cloud/Platform)":1,"Change Enablement / Service Management > Application/Cloud Certificate Management":1,"Change Enablement / Cloud Service Management (APNs Certificate Management)":1,"Change Enablement / Cloud Application (APNs certificate lifecycle management) / Request for Service":1,"Change Enablement / Certificate Management (Security/Identity) / APNs Certificate Renewal":1,"Change Enablement / Service Request - Application/Platform Certificate Management (APNs)":1,"Service Request - Access/Configuration (APNs certificate renewal/MDM push notifications)":1,"Request Fulfilment / Change Enablement (Software/Certificate Management)":1,"Change Management / Service Provisioning (APNs Certificate Renewal)":1,"Service Request - Application/Platform Access & Configuration (APNs certificate/MDM renewal)":1,"Change Enablement / Application / Certificate Management":1,"Service Request / Certificate Management (APNs)":1,"Change Management / Service Request (Certificate Renewal - APNs)":1,"Change Enablement / Service Validation (APNs Certificate Renewal) ":1,"Change Enablement / Application Access (APNs Certificate Management)":1,"Service Management > Change Enablement > Access to External Services (APNs certificate renewal)":1,"Change Enablement / Application Support (APNs certificate renewal)":1,"Service Operation / Request Fulfillment (Mobile Device Management - Certificate Management)":1,"Service Request / Change - Mobile Device Management (APNs Certificate Renewal)":1,"Change Enablement / Service Continuity - APNs Certificate Renewal (Planned Maintenance)":1,"Change/Configuration (Certificate Management) - Cloud Services":1,"ITIL: Service Request / Access to Third-Party Service (Certificate Management) | Change Management (Pre-expiry) ":1,"Request Fulfilment / Change Enablement (Mobile Device Management - APNs certificate renewal)":1,"Change Enablement / Application Connectivity (APNs certificate renewal)":1,"ITIL Change Enablement / Application Security Management (Certificate Management)":1,"Service Management > Service Operation > Application Management (Certificates/MDM Push Notification)":1,"Request Fulfillment / Application Service Management (APNs certificate renewal)":1,"Service Request / Application & Platform Management (APNs certificate renewal)":1,"Change Enablement / Application Access (Certificate Management)":1,"ITIL Request Fulfilment / Service Management - Access to External Services (APNs Certificate Renewal)":1,"Change Enablement / Application & Certificate Management (APNs Certificate Renewal)":1,"Change Management (Preventive/Planned Change) / Mobile Device Management - APNs Certificate Renewal":1,"Service Request / Application Connectivity (MDM-APNs Certificate Management)":1,"Request Fulfilment / Application & Cloud Service Management (APNs certificate renewal)":1,"Change Enablement / Software Asset & Licensing (Mobile Device Management - APNs Certificate Management)":1,"Change Enablement / Service Management - Certificate Management (APNs) - Time-bound task":1,"Request Fulfilment / Service Management (Certificate Renewal - APNs/MDM)":1,"Request Fulfilment / Service Management (Application/Cloud Certificate Maintenance)":1,"Service Request / Application Management (APNs Certificate Renewal)":1,"Change Enablement / Service Operation - Access to External Service (APNs Certificate Management)":1,"Request Fulfilment / Application Service Management (APNs certificate management)":1,"Change/Service Request - MDM/APNs Certificate Management":1,"Change Enablement / Service Management (Proactive Maintenance - Certificate Renewal)":1,"ITIL Change Enablement / Service Request - Application/External Certificate Management (APNs)":1,"Change Enablement / Application/Service Access Management (Apple Push Notification Service certificate renewal)":1,"Service Request - Identity/Certificate Management":1,"Request Fulfilment / Identity & Certificate Management (APNs certificate renewal)":1,"Change/Service Request (Certificate Management & Renewal)":1,"Service Management > Change Management > Certificate Management (APNs/MDM Integration)":1,"Service Request - Application/Platform access & certificate lifecycle management (APNs) / Change Management support":1,"Change Request / Service Management - Application / Mobile Push Notification Maintenance":1,"Change Enablement / Service Asset & Configuration - Certificate Management":1,"ITIL Service Operation > Technical Management > Cloud & Platform Management (APNs/MDM Certificate Management)":1,"Change Management / Application & Platform Support (Mobile Device Management - APNs Certificate Lifecycle)":1,"Service Request (Change/Certificate Management) / Application/Cloud Certificate Renewal":1,"Change Enablement / Mobile Device Management (APNs certificate renewal)":1,"ITIL Service Operation > Access Management > Service Certificate Management":1,"Email":57,"Change Enablement / Request for Service (Proactive Certificate Renewal - APNs)":1,"Change/Service Request - MDM/Certificate Management (APNs)":1,"Change Management / Application Access (APNs Certificate Renewal)":1,"ITIL: Service Request / Application & Access - Certificate Management (APNs/MDM)":1,"Change Enablement / Service Request (APNs certificate renewal)":2,"Request Fulfillment (Change/Subscription Management) - Application/Platform Certificate Renewal":1,"Request Fulfilment / Application Access (Certificate Management)":1,"Change Enablement / Mobile Device Management - APNs Certificate Management":1,"Change Enablement / Service Request (Certificate Management - APNs Renewal)":1,"Change Enablement / Service Request - Application/Platform Certificate Management":1,"Network":12,"Change Enablement / Access & Identity Management (Certificate Management - APNs)":1,"Service Request / Change Enablement (Certificate Renewal - APNs)":1,"Change Enablement (Certificate/Renewal Management) / MDM/APNs Administration":1,"ITIL Change Enablement / Service Request (Certificate Management - APNs)":1,"Change Enablement / Service Request - Certificate Management (APNs)":2,"Service Continuity / Application Integration (APNs certificate maintenance)":1,"Change Enablement / Service Validation - Mobile Device Management (APNs Certificate Renewal)":1,"Change Enablement / Application & Platform Management (Mobile Device Management - APNs certificate renewal)":1,"Change/Service Request - APNs Certificate Management (ITIL: Service Operation / Access to Services)":1,"Service Request - Change/Access to External Service (Certificate Renewal/MDM APNs)":1,"Service Management - Change/Proactive Maintenance (Certificate Management) / Application Connectivity":1,"Application Management / Cloud Service Management (APNs certificate renewal)":1,"Change Enablement / Service Request - Certificate Management":1,"Service Request - Access/Identity/Certificate Management (APNs certificate renewal)":1,"auto_assigned_ticket":16,"Change Enablement / Certificate Management":1,"Request for Information (RFI) / Service Catalog Change (Managed Services Plan Comparison)":1,"Service Catalog / Service Level Agreement (SLA) Request":1,"Service Catalog / Request for Information (Change in Support Plan - Pricing & SLA Comparison)":1,"Service Management / Service Request - Change in Support Plan (Request for Information)":1,"ITIL: Change Enablement / Service Management - Access to External Services (MDM/APNs Certificate Renewal)":1,"Request Fulfilment / Service Management (Certificate Management) / Change Management (Planned Renewal)":1,"Change Management / Certificate Management (Security/Access) - APNs certificate renewal":1,"Change Management / Service Request - Application Notification Service Certificate Renewal":1,"Change Enablement / Supplier Change (Apple APNs certificate renewal)":1,"Access Management / Certificate Management (ITIL: Service Validation & Certificate/PKI Management)":1,"Service Request - Cloud/Certificate Management (Access to External Service)":1,"Change Enablement / Service Management - Certificate Management (APNs) - Request for Renewal":1,"Service Request / Application Integration (Mobile Device Management ΓÇô APNs certificate renewal)":1,"Change Management / Certificate Renewal (Security/Access Credentials) - ITIL":1,"ITIL Change Enablement / Service Request - Application/Platform Certificate Management (Access/External Service Integration)":1,"Service Request - Application/Mobile Device Management (APNs) Certificate Renewal":1,"Application Management / Microsoft 365 (Teams) - Access/Feature Enablement":1,"Change/Service Management - Application/Platform Certificate Management (APNs/MDM)":1,"Change Enablement / Application Service (MDM/APNs Certificate Management)":1,"Change Enablement / Service Management - Application/Platform Management (Certificate Management)":1,"Change Management / Application/Platform Certificate Management (APNs)":1,"Change Enablement (Proactive/Planned Maintenance) / Identity & Certificate Management (APNs)":1,"Change Enablement / Service Requests - Application/Platform Management (APNs certificate renewal)":1,"Change Management / Service Support - Mobile Device Management (APNs certificate renewal)":1,"ITIL Change Management / Service Change (Certificate Renewal) - Security/Authentication Management":1,"Service Request / Application Certificate Management (Access/Identity)":1,"Service Request - Application/Platform Management (Apple APNs Certificate Renewal)":1,"Software Licensing / Subscription Management":1,"Change Enablement / Service Request (MDM/Push Notification Certificate Management)":1,"Change Enablement / APNs Certificate Management (Request) / Service Management - Access to External Service":1,"Change/Configuration Management - Service Certificate Renewal (APNs)":1,"Change Enablement / Service Operation - Application/Platform Certificate Management (External Service)":1,"Service Request / Change (Access to Services) - Application/Mobile Push Notification Certificate Renewal":1,"Access Management / Certificate Management (Identity & Credential Lifecycle)":1,"Service Operation: Application/Infrastructure Management (Mobile/Push Notification Service - Certificate Management)":1,"Change Management / Service Configuration (APNs certificate renewal)":1,"Change Enablement / Application Enablement (APNs certificate renewal)":1,"Change Enablement / Service Operations (Proactive maintenance: certificate renewal for MDM/APNs)":1,"Change/Configuration Management - Certificate Renewal (APNs/MDM)":1,"Change Enablement / Service Request (Certificate/MDM Management) - APNs Certificate Renewal":1,"ITIL Service Operation > Application & Integration Management > Mobile Device Management / APNs Certificate Management":1,"Service Request / Identity Management (APNs certificate renewal for MDM notifications)":1,"Service Request / Application Service Management (Mobile Device Management - APNs certificate renewal)":1,"Service Management (ITIL) ΓÇô Change/Asset Management: Certificate Management / Cloud Service Administration":1,"Request Fulfillment / Change Enablement (Mobile Device Management - APNs Certificate Renewal)":1,"Service Request - Access/Certificate Management (APNs) / Planned Maintenance":1,"ITIL: Change Management / Service Request - Certificate Management (APNs)":1,"Change/Proactive Maintenance (Certificate/MDM Renewal) / Service Management":1,"Change Enablement / Application Connectivity (Apple Push Notification certificate renewal)":1,"Request Fulfilment / Identity & Access Management (Apple APNs Certificate Renewal)":1,"Service Request / Change Management - MDM/APNs Certificate Renewal":1,"Change Enablement / Application Support (Mobile Push Notification Certificate Renewal)":1,"Change Enablement / Service Management - Certificate Management (Cloud/Identity)":1,"Change Enablement / Application & MDM Certificate Management (Time-based).":1,"Request Fulfilment / Certificate Management":1,"Service Request / Application & Platform Management - Mobile Device Management / APNs Certificate Management":1,"Incident Management > Network Connectivity (Remote Access/VPN Performance)":1,"Service Request / Access & Provisioning (Certificate Management)":1,"Service Request (Change/Management) - Certificate Management / Mobile Device Management (APNs) Renewal":1,"Change Enablement / Service Request (Platform/Cloud Certificate Management)":1,"Change Enablement / Access to Services (Mobile Device Management - APNs certificate lifecycle)":1,"Access/Connectivity - Cloud Service Management (APNs/MDM Certificate Renewal)":1,"Change Enablement / Application Management (Mobile/Push Notification Certificate Management) ΓÇö ITIL":1,"Change Management / Service Request (APNs Certificate Renewal)":1,"Service Request / Change in Service Package":1,"Service Level Management / Request for Change (Support Plan & Service Comparison)":1,"Service Request / Application & Certificate Management (APNs)":1,"Service Catalog / Request for Change (Support Plan Pricing & SLA Comparison)":1,"Service Request - MDM/APNs certificate management (Change/Certification renewal)":1,"Service Management > Service Request / License & Subscription Management":1,"Service Level Management / Service Request":1,"Service Level Management / Service Catalog & Pricing (Change in Support Model)":1,"Change Enablement / Service Request - Application / APNs Certificate Management":1,"Change Management / Application Services - Certificate Management":1,"Service Level / Change Request (Managed Services Plan Comparison)":1,"Service Level Management / Service Catalog & Pricing (Change Request ΓÇô Support Plan)":1,"Service Request / Contract & Service Level Agreement Change":2,"Change Enablement / Service Validation (Certificate Management - APNs)":1,"Change Request / Application Service Management (MDM/APNs certificate renewal)":1,"Service Request / Access to third-party certificate management (Change/Certificate renewal)":1,"Service Request / Application & Platform Management (APNs Certificate Renewal)":1,"ITIL Change Enablement / Application & Platform Management (APNs certificate renewal)":1,"Change Enablement / Service Management (APNs Certificate Management - External Dependency)":1,"Request Fulfillment (Change/Service Maintenance - APNs certificate renewal)":1,"Service Request / Application Support (MDM - APNs certificate renewal)":1,"Service Level / Contract Management (Change to Support Plan)":1,"Service Level Management / Service Catalog (Request for Information & Plan Comparison)":1,"Service Catalog Management / Service Level Management":1,"Service Management > Service Catalog > Request/Change of Support Plan":1,"Service Management > Service Catalog / Change Request (Support plan comparison)":1,"Service Catalog / Service Management - Request for Information (RFI) / Commercial Inquiry":1,"Service Level Management / Service Request - Change of Support Plan":1,"Service Request - Change/Comparison (Support Plan/Service Level & Pricing)":1,"Service Level Management (Service request / Contract & Pricing inquiry)":1,"Service Request / Service Catalogue - Pricing & Plan Comparison":1,"Service Catalogue / Request for Information (Service Level & Pricing Change)":1,"Change Enablement / Service Management - MDM/APNs Certificate Management":1,"Software Asset Management / License Compliance (ITIL: Service Request - Standard Change/Incident prevention)":1,"Service Level Management / Support Contract (Request for Proposal - Change in Support Model)":1,"Service Level Management / Service Catalog / Request for Proposal (Change in Support Plan)":1,"Service Request / Change Request (Support plan quotation & service-level comparison)":1,"Service Catalog / Request Fulfilment (Change in Support Plan)":1,"Service Request (Change/Service Package Review) / Contract & Pricing Inquiry":1,"Service Catalog / Request for Information (Support Plan Comparison)":1,"Service Request - Change/Review Support Package":1,"Service Management / Service Request (Plan Comparison & Quotation)":1,"Service Request / Service Catalog - Change to Support Plan":1,"Service Catalog / Service Level Agreement (SLA) - Request for information (support plan comparison)":1,"Service Request / Contract & Service Level Agreement (SLA) Change":1,"Service Request / Contract & Pricing Inquiry":1,"Service Management > Service Request > Contract/Plan Change":1,"Request for Change / Service Management (Contract & Service Level Comparison)":1,"Service Catalog / Request for Change (Support Plan / Pricing & SLA inquiry)":1,"Service Management / Request for Change (Support Plan - Pricing & Service Level Comparison)":1,"Service Level Management / Service Catalog / Request for Proposal (RFP)":1,"Service Catalog / Service Request (Request for Pricing & Plan Comparison)":1,"Service Management - Service Request / Contract & Plan Change":1,"Service Level Management / Service Catalog & Pricing Discussion":1,"Service Level Management / Service Request - Plan/Contract Change (Customer Inquiry)":1,"Service Request - Change in Support/Service Plan":1,"Service Management > Service Level Management / Contract & Pricing Change":1,"Request for Information (RFI) / Service Package & Pricing Inquiry":1,"Service Request / Change of Support Model (Request for Information - Service Level & Pricing)":1,"Service Level Management / Service Catalog & Pricing (Change to Support Plan)":1,"Service Level Management (Service package/pricing comparison & change of support model)":1,"Service Portfolio Management / Service Request - Change to Support Plan":1,"Service Level / Service Catalog Management":2,"Service Management / Service Level & Contract Change (ITIL: Service Catalog/Change Request - Request for information & plan comparison)":1,"Service Catalog / Service Request (Change in Support Plan)":2,"Service Management / Service Catalog - Change in Support Plan":1,"Service Request (Request for information / Change in support plan)":1,"Service Level Management / Service Catalog (Request for comparison of service plans)":1,"Service Level Management / Service Request (Change to Support Contract)":1,"Service Level Management / Service Request (Change in Support Plan)":1,"Service Management / Service Request (Contract & Pricing Change)":1,"Service Level Management / Service Catalog Change Request":2,"Service Level / Contract Change (Request for service comparison & pricing)":1,"Service Request / Change of Support Plan (Service Catalogue & Pricing Inquiry)":1,"Service Catalog Management / Service Level Management (Request for Change in Support Plan)":1,"Service Management > Service Request (Change to Support/Service Plan)":1,"Service Request (Customer Change/Plan Consultation)":1,"Service Catalogue Management / Service Request (Change to Support Plan)":1,"Service Level Management / Service Request (Change in Support Subscription)":1,"Service Request / Change - Support Model & Pricing Inquiry":1,"Service Management > Service Catalog/Change to Service Package":1,"Service Request / Change in Service Plan (Support Subscription / SLA & Billing Clarification)":1,"End User Computing":3,"End User Device":1,"Hardware":34,"ad-hoc":2,"Security":16,"Information Security Incident":17,"Service Request - Collaboration / User Profile Updates (Microsoft Teams)":1,"Service Request - User Access/Profile & Endpoint Setup (ITIL) / PC Setup & Configuration":1,"User Administration / Workplace & Endpoint Setup":1,"Service Request - Access/Directory Profile Update (Microsoft 365/Teams) ":1,"User Account Management / Desktop Support (Build & Configure New/Replacement PC)":1,"User/Access Management (Provisioning/User account setup)":1,"Service Request (User Access / Collaboration Profile Update)":1,"Service Request - Application/Microsoft Teams Profile Management":1,"User Management / Collaboration - Microsoft Teams Profile Update":1,"Service Request - Software/Collaboration Profile Update (Microsoft Teams/M365 User Attributes)":1,"Access Management / User Account Management (ITIL)":1,"Service Request - Microsoft 365 / Collaboration":1,"Service Request - Microsoft 365 User Profile / Configuration Change":1,"Access Management / User Account Profile Management":1,"Service Request - User Account Management / Collaboration Profile Update":1,"Service Request - Software/Collaboration (Microsoft Teams profile updates)":1,"Incident Management - Security Alert / Vulnerability Assessment (Defender for Cloud)":1,"Service Request - Application Access/Configuration (Microsoft Teams user profile attributes)":1,"Service Request - Application Support":1,"Email Services":1,"Service Request - User Account / Identity Management (Microsoft 365/Teams profile updates)":1,"Service Request / User Access & Collaboration (Microsoft Teams Profile Updates)":1,"Access Management (User Profile/Identity Directory)":1,"ITIL Incident Management - Security Incident / Security Alert (Vulnerability & Attack Path)":1,"Information Security Incident / Vulnerability Management (Defender for Cloud alert)":1,"Service Request - Microsoft 365 User Profile Update":1,"Request Fulfillment (Standard Change/User Account Management)":1,"Service Request - Application / Collaboration (Microsoft Teams profile information update)":1,"ITIL - Software / Microsoft 365 User Account Administration (Service Request)":1,"Service Request - Application/Collaboration (Microsoft Teams profile information update)":1,"Application Management / Microsoft Teams User Profile Management":1,"Service Request / Collaboration (Microsoft Teams) - User/Group Information Update":1,"User Access Management / Collaboration (Microsoft Teams profile attribute update)":1,"Incident Management - Security Alert / Security Incident Response (Access/Attack Path Detection)":1,"Service Request - Microsoft 365/Teams User Profile/Attribute Update":1,"Service Request - Collaboration/Apps (Microsoft Teams profile information update)":1,"Incident Management > Security Incident / Vulnerability Alert (Proactive Security Monitoring)":1,"Service Request - Collaboration (Microsoft Teams profile/identity attribute update)":1,"Service Request / User Administration (Microsoft 365 Profile Updates)":1,"Service Request - User access/account management & endpoint configuration (Windows user migration / workstation setup)":1,"Service Request - Standard Change / User Account & Endpoint Provisioning":1,"Service Request - Standard Change / User Account Management":1,"Service Request - User Account / Profile Management":1,"Incident Management - Security Alert (Detect/Assess/Contain) / Vulnerability & Threat Management":1,"User Management / Desktop Deployment":1,"Service Request - Standard Change / User Provisioning & Endpoint Setup":1,"Service Request / User & Endpoint Setup (Standard Software/Printer/Network Configuration)":1,"User Administration / Microsoft 365 Profile Changes":1,"Service Request / Collaboration Tools (Microsoft Teams) - User profile change":1,"Service Request - Microsoft Teams / Microsoft 365 User Profile Updates":1,"Request Fulfilment / End User Computing - User Account Management & Software/Device Configuration (Windows PC)":1,"User Access / Collaboration (Microsoft Teams profile updates)":1,"Service Request (User Account / Desktop Setup & Configuration)":1,"Service Request / Office 365 - User Profile Change":1,"Service Request - Standard Change / User & Device Setup":1,"Service Request - Standard Change / User Access & Workspace Setup":1,"User & Identity Management (Microsoft 365 / Teams profile information)":1,"Request Fulfilment / Desktop & User Provisioning":1,"Security Incident":1,"Service Request - Request Fulfilment (User access/profile & device re-provisioning)":1,"Service Request - Microsoft Teams / User Profile Management":1,"Request Fulfilment / Service Request (User onboarding & device setup)":1,"Service Request - Application / Microsoft 365 (Teams user profile attributes update)":1,"Service Request - Application/Collaboration (Microsoft Teams profile update)":1,"Access & Identity Management":1,"Service Request (User/Access Provisioning ΓÇô Microsoft Teams profile updates / M365 profile attributes)":1,"Service Request - End User Computing / User Account & Software Setup":1,"Request Fulfilment / Standard Change (User account provisioning & software/application configuration)":1,"Service Request / Access & User Provisioning (User Account Management)":1,"Service Request - Standard Change / User Account & Device Configuration":1,"ITIL Request Fulfilment / Service Request (User Access & Workstation Setup)":1,"User Administration / Endpoint Management":1,"Request Fulfilment (User Account & Application/Configuration Request)":1,"Service Request - User Account / Workspace Setup":1,"Access Management / User Account Management (Provisioning & Deprovisioning)":1,"User Administration / Software & Application Setup (ITIL: Service Request - Request Fulfillment)":1,"Access Management / User Account Management (Move/Update User Profile)":1,"User Account Management / Desktop Provisioning (ITIL: Request Fulfilment - Service Request)":1,"Request Fulfilment / User Access & Device Configuration":1,"Service Request - Standard Change/Move (User/Device Setup)":1,"User Access Management / Device & User Setup (Request Fulfilment)":1,"Service Request - Request Fulfilment / Desktop & User Setup":1,"Request Fulfilment / Service Request - User Account & Workspace Setup (Standard)":1,"Service Request > User Account Management / Desktop Configuration":1,"Request Fulfilment (User Access/Device Setup)":1,"Request Fulfilment / User Access & Device Setup":1,"Service Request - Provisioning / User Account & Application Setup":1,"Request Fulfilment / Service Request (User access & workstation configuration)":1,"Service Request > Standard Request / User Access & Desktop Setup":1,"Service Request (User & Endpoint Setup / Deployment)":1,"Service Request / Endpoint Setup & User Provisioning":1,"Service Request - Standard Change / User Provisioning (ITIL Request Fulfillment)":1,"User Administration / PC Setup":1,"Change / User Account & Access Provisioning (Request Fulfilment)":1,"Service Request > Standard Change / User Access & Configuration":1,"Service Request / Workplace Migration (User/Device Setup)":1,"Request Fulfilment / User Access & Endpoint Setup (Service Request)":1,"Service Request - User Account / Workspace Setup (User Provisioning)":1,"Service Request > User Account Management / Desktop Setup":1,"Service Request / User Provisioning & Workspace Setup":1,"Service Request - Standard Change / User Account & Access Setup":1,"User Administration / Standard Change (Service Request)":1,"Request Fulfilment / User Account & Workspace Setup":1,"User Account Management / Endpoint Configuration":1,"Request Fulfilment (User/Device Setup & Migration)":1,"Service Request - Standard Change / User Access & Device Setup":1,"Request Fulfilment / Service Request (User Account & Workspace Setup)":1,"Request Fulfilment - User Account / Access & Device Configuration":1,"Service Request - User & Access Management / Endpoint Setup":1,"Service Operation / User Account Management (Access Provisioning) / Endpoint Setup & Configuration":1,"Request Fulfilment (Service Request) / Desktop & User Setup":1,"Request for Service / Standard Change (User/Endpoint Configuration & Provisioning)":1,"ITIL Service Request - User Account Management / Access & Device Configuration":1,"Change enablement / Collaboration coordination (Microsoft 365/Exchange migration support)":1,"Service Request / Coordination (General Inquiry & Follow-up)":1,"Change Enablement / Cloud Migration Support (Request for Guidance/Coordination)":1,"Request Fulfilment / Application Service Management (Microsoft 365/Exchange Online migration coordination)":1,"Service Request / Pre-sales / Change Planning (Microsoft 365 / Exchange Online migration coordination)":1,"Change Enablement / Email Service Request (Microsoft 365 Exchange Online - PST Import Guidance)":1,"Service Request / Change Enablement (Microsoft 365/Exchange Online Migration Guidance)":1,"Service Request / Change Enablement (Migration Guidance) / Knowledge & Advice":1,"Request Fulfillment / Change Enablement (Email/M365 Migration Advisory)":1,"Service Request / Application & Cloud Migration (Exchange Online PST import guidance)":1,"Service Request / Change Enablement (Microsoft 365 / Exchange Online migration guidance)":1,"Service Request / Coordination (General Support)":1,"Incident Management > Service Request - User/Process Support (Non-technical coordination)":1,"Request for Information (RFI) / Customer Coordination":1,"Change/Service Request Management (Migration Planning/Coordination) / Access to Support Guidance":1,"Request for Information / Service Management (ITIL: Incident/Request Handling - Coordination/Follow-up)":1,"Request Fulfilment / User Administration (Coordination & Case Handling)":1,"Change Enablement / Migration Support (ITIL: Service Request - Request Fulfilment)":1,"Service Request / Incident Handling - External Support Coordination (ITIL: Service Desk / Request Fulfillment)":1,"Request Fulfillment / Change Enablement (Email Migration Guidance & Coordination)":1,"Request for Information / Change Coordination":1,"Service Request / Project Support (Microsoft 365/Exchange Online migration guidance)":1,"Application Management / Email & Collaboration (Microsoft 365 Exchange Online migration support - Service Request/Consultation)":1,"Service Request / Application (Microsoft 365/Exchange Online) - Migration Guidance":1,"Incident Management (Request Fulfilment / Case Closure) - Email/Collaboration":1,"Incident Management - Service Request/Change Advisory (Microsoft 365 Migration Guidance & Coordination)":1,"Service Request (Change/Provisioning Evidence) / Microsoft CSP Subscription Management":1,"Service Request / Change Enablement (Microsoft Partner Presales/Deployment Follow-up)":1,"Application Management (Microsoft 365/Exchange) - Change/Configuration guidance for migration":1,"Change Enablement / Request Fulfilment (Microsoft 365/Exchange Online migration coordination)":1,"Incident Management / Service Request - Email & Collaboration (Exchange Online/PST migration planning)":1,"Service Request - Software/Licensing (Microsoft 365 / CSP)":1,"Service Request / Consultancy (ITIL: Request Fulfilment)":1,"Request for Change / Service Request (Information & Guidance)":1,"Service Request / Change Enablement (Microsoft 365/Exchange migration support coordination) - ITIL: Request Fulfilment":1,"Change Enablement / Request for Information (C/I) - Service Desk Coordination":1,"Service Request / Administrative - Coordination & Communication":1,"Service Request / Email-Migration Guidance":1,"Change Enablement / Microsoft 365 Migration Coordination (ITIL: Service Request / Request Fulfillment)":1,"Service Request / Change enablement - Email/Messaging migration guidance":1,"Service Request / Guidance for Migration (Change/Project Support Coordination)":1,"Incident Management / Service Request - Email/M365 Migration Support (Request for guidance & coordination)":1,"Request for Change / Service Request (Consulting & Migration Coordination)":1,"ITIL Incident Management - Security Incident/Threat Alert (Incident) / Service Security Event":1,"Security Management / Vulnerability Management (Azure Defender for Cloud alert)":1,"Incident Management > Application/Software Issues":1,"Incident Management > Network Connectivity":2,"Incident Management -> Network Connectivity (IP Addressing/Duplicate IP)":1,"Incident Management (Network Issue / IP Address Conflict)":1,"ITIL Incident Management / Security Incident (Threat/Vulnerability Alert)":1,"ITIL Incident Management > Security Incident / Event (Potential Compromise) - Vulnerability Exposure":1,"Software Asset Management / Microsoft Cloud Licensing Assistance (Request Fulfilment)":1,"ITIL Incident Management - Security Alert / Vulnerability (Management/Monitoring)":1,"Incident Management - Security Incident / Security Alert (Potential Breach / Vulnerability Exposure)":1,"Application Management / Collaboration Integration (Zoom-Outlook calendar integration) - Service Request/How-to":1,"Incident Management - Security Alert / Vulnerability Risk (ITIL Incident/Security Event)":1,"ITIL Incident Management / Access to Services (Cloud - SaaS/Partner Billing Access)":1,"ITIL: Service Request / Change Advisory (MDM/APNs certificate renewal)":1,"Incident Management > Network Connectivity (IP Addressing Conflict)":1,"Request Fulfillment / Change Request (Software Licensing - Microsoft 365/CSP)":1,"ITIL Incident Management / Security Incident & Vulnerability Response":1,"ITIL Incident Management - Security Incident / Vulnerability Alert (Event/Alert from Monitoring)":1,"Cloud":379,"Service Request - Software/Collaboration Integration (Zoom-Outlook calendar integration)":1,"Service Request / Software Provisioning (Microsoft 365/CSP administration)":1,"Service Request (Microsoft 365 licensing/billing confirmation & documentation)":1,"ITIL Incident/Service Request - Application/Cloud Service Request (Microsoft 365 licensing provisioning evidence)":1,"ITIL Incident Management - Security Incident/Threat Response (Security Monitoring Alert)":1,"Incident Management > Software/Client Application Error":1,"Service Request > Access to Software/Cloud Service / Subscription administration (Change/Provisioning evidence)":1,"Security Incident Management / Vulnerability Management (Major Alert)":1,"Service Request / Request Fulfillment (Microsoft CSP invitation & licensing enablement)":1,"Incident Management - Network Connectivity/Addressing Issue":2,"Incident Management":1,"Incident Management / Software Issue (User Application/Browser malfunction)":1,"ITIL Incident Management - Network Connectivity/Telephony (IP Addressing/Duplicate IP)":1,"Request Fulfillment (Procurement/Sourcing)":1,"Incident Management > Network Connectivity / IP Addressing Conflict":1,"Incident Management > Network Connectivity (VoIP/IP Phone IP conflict)":1,"Incident Management > Network Connectivity (IP address conflict / LAN/WAN routing issue)":1,"Service Management - Change Request / Application & Infrastructure Management (MDM/APNs certificate renewal)":1,"Incident Management - Network/VoIP Addressing Issue":1,"Incident Management - Network (IP Addressing/Connectivity)":1,"ITIL Change Enablement / Service Management - Service Request (Certificate Renewal - MDM/APNs)":1,"Incident Management > Network Connectivity (IP Addressing/DHCP Issue)":1,"ITIL Incident Management / Network Service Incident (IP addressing/Duplicate IP)":1,"Service Request / Procurement (Request for quotation - Hardware sourcing)":1,"Incident Management - Network (IP Addressing/DHCP conflict)":1,"Incident Management - Network/VoIP connectivity issue (IP address conflict)":1,"Incident Management - Network Connectivity/Addressing":1,"Incident Management > Network connectivity / Addressing conflict (IP addressing/DHCP)":1,"Access/Identity":28,"adrian_wong_mentor":3,"browser":1,"Service Request / Quota & Capacity Management":1,"Service Request / Capacity Management (Quota Increase)":1,"Service Request - Cloud Resource/Quota Change":1,"Request Fulfilment / Change Request (Azure Capacity/Quota Adjustment)":1,"Printing":2}
--- AI Settings API ---
--- AI Connection Test ---
--- Saved Filters Collection ---
--- Scheduled Zendesk Sync ---
--- Batch AI Triage ---
--- Auto KB Draft ---
--- SLA Config API ---
--- CSV Export ---
--- Incident Templates ---
--- Approval Chains ---
--- Approval Workflow ---
--- CMDB Relationships ---
--- Audit & Compliance ---
--- Runbook Execution ---
--- Scheduled Reports ---

====== RESULTS ======
  PASS: Health status OK
  PASS: Database connected
  PASS: DB type is mysql
  PASS: AI configured
  PASS: AI model is gpt-5.4-pro
  PASS: DB stats returns collections
  PASS: Incidents in DB
  PASS: Assets in DB
  PASS: Users in DB
  PASS: KB articles in DB
  PASS: Services in DB
  PASS: Incidents returns data
  PASS: Incidents have IDs
  PASS: Incidents have titles (>95%)
  PASS: Incidents have statuses (>95%)
  PASS: At least 1 status type exists
  PASS: Incident fetched by ID
  PASS: Incident has title
  PASS: Incident has status
  PASS: Users endpoint responds
  PASS: Assets returns data
  PASS: KB returns data
  PASS: Frontend returns 200
  PASS: Frontend is HTML
  PASS: Frontend has React root
  PASS: Audit returns data
  PASS: Invalid collection returns 400
  PASS: At least 1 assignee exists
  PASS: At least 1 priority type exists
  PASS: At least 1 category exists
  PASS: AI settings endpoint returns 200
  PASS: AI model is gpt-5.4-pro
  PASS: AI endpoint configured
  PASS: AI test endpoint responds
  PASS: AI test connected
  FAIL: AI test model correct ΓÇö Model: gpt-5.4-nano
  PASS: Saved filters endpoint returns 200
  PASS: ZD auto-sync enabled in health
  PASS: Batch triage rejects GET
  PASS: KB collection accessible
  PASS: KB has articles
  PASS: SLA config endpoint returns 200
  PASS: SLA config has severities
  PASS: CSV export returns 200
  PASS: CSV content-type
  PASS: CSV has header row
  PASS: Asset CSV export returns 200
  PASS: KB CSV export returns 200
  PASS: Invalid collection CSV returns 400
  PASS: Templates collection accessible
  PASS: Templates exist (seeded)
  PASS: Template has name
  PASS: Template has category
  PASS: Template has priority
  PASS: Approval chains accessible
  PASS: Default chains seeded
  FAIL: Approval submit returns 200/201 ΓÇö Status: 500
  PASS: Pending approvals endpoint returns 200
  FAIL: Create CMDB relationship ΓÇö Status: 500
  PASS: Get relationships returns 200
  PASS: Impact analysis returns 200
  FAIL: Impact has data ΓÇö ok: undefined
  PASS: Audit report returns 200
  PASS: Audit report has data array
  PASS: Compliance summary returns 200
  FAIL: Compliance has metrics ΓÇö ok: undefined
  FAIL: Runbook execute returns 200/201 ΓÇö Status: 500
  PASS: Runbook executions list returns 200
  FAIL: Report schedule create returns 200 ΓÇö Status: 500
  PASS: Report schedules list returns 200
  FAIL: Report schedules has data ΓÇö ok: undefined

PASSED: 63 | FAILED: 8 | TOTAL: 71
